// Jest Snapshot v1, https://goo.gl/fbAQLP

exports[`Test when form is submitted renders correctly 1`] = `
<div
  className="bgclr"
>
  <div
    className="container"
  >
    <div
      className="row"
    >
      <div
        className="col-3"
      />
      <div
        className="card m-3 col-6"
        style={
          Object {
            "backgroundColor": "#d0c9c3",
            "borderRadius": "1.5rem",
          }
        }
      >
        <br />
        <h3
          className="card-header text-center"
          style={
            Object {
              "backgroundColor": "#414654",
              "borderRadius": "1.5rem",
              "color": "whitesmoke",
            }
          }
        >
          Login Form
        </h3>
        <div
          className="card-body"
        >
          <form
            onSubmit={[Function]}
          >
            <div
              className="offset-2"
            >
              <div
                className="form-group"
              >
                <label
                  htmlFor="userName"
                >
                  UserName
                </label>
                <input
                  className="form-control"
                  id="userName"
                  name="userName"
                  onChange={[Function]}
                  type="userName"
                />
              </div>
              <div
                className="form-group"
              >
                <label
                  htmlFor="password"
                >
                  Password
                </label>
                <input
                  className="form-control"
                  id="password"
                  name="password"
                  onChange={[Function]}
                  type="password"
                />
              </div>
              <div
                className="text-center"
              >
                <button
                  className="btn btn-primary mr-1"
                  id="loginsubmit"
                  type="submit"
                >
                  Submit
                </button>
              </div>
              <div
                className="text-center"
              >
                <a
                  href="/Registration"
                  onClick={[Function]}
                >
                    
                  <small>
                    New User create account
                  </small>
                </a>
              </div>
            </div>
          </form>
        </div>
      </div>
    </div>
  </div>
</div>
`;
